2026-05-21T09:51:10.957+07:00  INFO 47645 --- [boardgame-backend] [main] com.boardgame.BoardgameApplication       : Starting BoardgameApplication using Java 25.0.2 with PID 47645 (/Users/hoanghaianh/Coup-BoardGame/backend/target/classes started by hoanghaianh in /Users/hoanghaianh/Coup-BoardGame/backend)
2026-05-21T09:51:10.958+07:00  INFO 47645 --- [boardgame-backend] [main] com.boardgame.BoardgameApplication       : No active profile set, falling back to 1 default profile: "default"
2026-05-21T09:51:11.204+07:00  INFO 47645 --- [boardgame-backend] [main] .s.d.r.c.RepositoryConfigurationDelegate : Bootstrapping Spring Data JPA repositories in DEFAULT mode.
2026-05-21T09:51:11.227+07:00  INFO 47645 --- [boardgame-backend] [main] .s.d.r.c.RepositoryConfigurationDelegate : Finished Spring Data repository scanning in 19 ms. Found 3 JPA repository interfaces.
2026-05-21T09:51:11.401+07:00  INFO 47645 --- [boardgame-backend] [main] o.s.b.w.embedded.tomcat.TomcatWebServer  : Tomcat initialized with port 8081 (http)
2026-05-21T09:51:11.406+07:00  INFO 47645 --- [boardgame-backend] [main] o.apache.catalina.core.StandardService   : Starting service [Tomcat]
2026-05-21T09:51:11.406+07:00  INFO 47645 --- [boardgame-backend] [main] o.apache.catalina.core.StandardEngine    : Starting Servlet engine: [Apache Tomcat/10.1.24]
2026-05-21T09:51:11.443+07:00  INFO 47645 --- [boardgame-backend] [main] o.a.c.c.C.[Tomcat].[localhost].[/]       : Initializing Spring embedded WebApplicationContext
2026-05-21T09:51:11.443+07:00  INFO 47645 --- [boardgame-backend] [main] w.s.c.ServletWebServerApplicationContext : Root WebApplicationContext: initialization completed in 469 ms
2026-05-21T09:51:11.455+07:00  INFO 47645 --- [boardgame-backend] [main] com.zaxxer.hikari.HikariDataSource       : HikariPool-1 - Starting...
2026-05-21T09:51:11.526+07:00  INFO 47645 --- [boardgame-backend] [main] com.zaxxer.hikari.pool.HikariPool        : HikariPool-1 - Added connection conn0: url=jdbc:h2:mem:boardgamedb user=SA
2026-05-21T09:51:11.526+07:00  INFO 47645 --- [boardgame-backend] [main] com.zaxxer.hikari.HikariDataSource       : HikariPool-1 - Start completed.
2026-05-21T09:51:11.531+07:00  INFO 47645 --- [boardgame-backend] [main] o.s.b.a.h2.H2ConsoleAutoConfiguration    : H2 console available at '/h2-console'. Database available at 'jdbc:h2:mem:boardgamedb'
2026-05-21T09:51:11.574+07:00  INFO 47645 --- [boardgame-backend] [main] o.hibernate.jpa.internal.util.LogHelper  : HHH000204: Processing PersistenceUnitInfo [name: default]
2026-05-21T09:51:11.600+07:00  INFO 47645 --- [boardgame-backend] [main] org.hibernate.Version                    : HHH000412: Hibernate ORM core version 6.5.2.Final
2026-05-21T09:51:11.612+07:00  INFO 47645 --- [boardgame-backend] [main] o.h.c.internal.RegionFactoryInitiator    : HHH000026: Second-level cache disabled
2026-05-21T09:51:11.717+07:00  INFO 47645 --- [boardgame-backend] [main] o.s.o.j.p.SpringPersistenceUnitInfo      : No LoadTimeWeaver setup: ignoring JPA class transformer
2026-05-21T09:51:11.739+07:00  WARN 47645 --- [boardgame-backend] [main] org.hibernate.orm.deprecation            : HHH90000025: H2Dialect does not need to be specified explicitly using 'hibernate.dialect' (remove the property setting and it will be selected by default)
2026-05-21T09:51:12.063+07:00  INFO 47645 --- [boardgame-backend] [main] o.h.e.t.j.p.i.JtaPlatformInitiator       : HHH000489: No JTA platform available (set 'hibernate.transaction.jta.platform' to enable JTA platform integration)
2026-05-21T09:51:12.086+07:00  INFO 47645 --- [boardgame-backend] [main] j.LocalContainerEntityManagerFactoryBean : Initialized JPA EntityManagerFactory for persistence unit 'default'
2026-05-21T09:51:12.182+07:00  INFO 47645 --- [boardgame-backend] [main] o.s.d.j.r.query.QueryEnhancerFactory     : Hibernate is in classpath; If applicable, HQL parser will be used.
2026-05-21T09:51:12.448+07:00  WARN 47645 --- [boardgame-backend] [main] JpaBaseConfiguration$JpaWebConfiguration : spring.jpa.open-in-view is enabled by default. Therefore, database queries may be performed during view rendering. Explicitly configure spring.jpa.open-in-view to disable this warning
2026-05-21T09:51:12.472+07:00  WARN 47645 --- [boardgame-backend] [main] .s.s.UserDetailsServiceAutoConfiguration : 

Using generated security password: 7ee6a086-00e4-4ccd-9886-f2b6f837ab64

This generated password is for development use only. Your security configuration must be updated before running your application in production.

2026-05-21T09:51:12.474+07:00  INFO 47645 --- [boardgame-backend] [main] r$InitializeUserDetailsManagerConfigurer : Global AuthenticationManager configured with UserDetailsService bean with name inMemoryUserDetailsManager
2026-05-21T09:51:12.527+07:00  INFO 47645 --- [boardgame-backend] [main] o.s.s.web.DefaultSecurityFilterChain     : Will secure any request with [org.springframework.security.web.session.DisableEncodeUrlFilter@4aebdaff, org.springframework.security.web.context.request.async.WebAsyncManagerIntegrationFilter@490fa135, org.springframework.security.web.context.SecurityContextHolderFilter@40f95b87, org.springframework.security.web.header.HeaderWriterFilter@44acce5d, org.springframework.web.filter.CorsFilter@94d4dd, org.springframework.security.web.authentication.logout.LogoutFilter@68378acc, com.boardgame.security.JwtAuthFilter@275ff5f8, org.springframework.security.web.savedrequest.RequestCacheAwareFilter@50dfac19, org.springframework.security.web.servletapi.SecurityContextHolderAwareRequestFilter@167080e, org.springframework.security.web.authentication.AnonymousAuthenticationFilter@5867c87, org.springframework.security.web.session.SessionManagementFilter@63ad4b55, org.springframework.security.web.access.ExceptionTranslationFilter@3fc736c4, org.springframework.security.web.access.intercept.AuthorizationFilter@7b4f1512]
2026-05-21T09:51:12.583+07:00  INFO 47645 --- [boardgame-backend] [main] o.s.b.w.embedded.tomcat.TomcatWebServer  : Tomcat started on port 8081 (http) with context path '/'
2026-05-21T09:51:12.584+07:00  INFO 47645 --- [boardgame-backend] [main] o.s.m.s.b.SimpleBrokerMessageHandler     : Starting...
2026-05-21T09:51:12.584+07:00  INFO 47645 --- [boardgame-backend] [main] o.s.m.s.b.SimpleBrokerMessageHandler     : BrokerAvailabilityEvent[available=true, SimpleBrokerMessageHandler [org.springframework.messaging.simp.broker.DefaultSubscriptionRegistry@764f6eb0]]
2026-05-21T09:51:12.584+07:00  INFO 47645 --- [boardgame-backend] [main] o.s.m.s.b.SimpleBrokerMessageHandler     : Started.
2026-05-21T09:51:12.587+07:00  INFO 47645 --- [boardgame-backend] [main] com.boardgame.BoardgameApplication       : Started BoardgameApplication in 1.767 seconds (process running for 1.883)
2026-05-21T09:51:12.590+07:00  INFO 47645 --- [boardgame-backend] [MessageBroker-1] c.boardgame.service.RoomCleanupService   : Starting room cleanup task...
2026-05-21T09:52:12.589+07:00  INFO 47645 --- [boardgame-backend] [MessageBroker-2] o.s.w.s.c.WebSocketMessageBrokerStats    : WebSocketSession[0 current WS(0)-HttpStream(0)-HttpPoll(0), 0 total, 0 closed abnormally (0 connect failure, 0 send limit, 0 transport error)], stompSubProtocol[processed CONNECT(0)-CONNECTED(0)-DISCONNECT(0)], stompBrokerRelay[null], inboundChannel[pool size = 0, active threads = 0, queued tasks = 0, completed tasks = 0], outboundChannel[pool size = 0, active threads = 0, queued tasks = 0, completed tasks = 0], sockJsScheduler[pool size = 3, active threads = 1, queued tasks = 1, completed tasks = 1]
2026-05-21T09:52:38.344+07:00  INFO 47645 --- [boardgame-backend] [http-nio-8081-exec-1] o.a.c.c.C.[Tomcat].[localhost].[/]       : Initializing Spring DispatcherServlet 'dispatcherServlet'
2026-05-21T09:52:38.345+07:00  INFO 47645 --- [boardgame-backend] [http-nio-8081-exec-1] o.s.web.servlet.DispatcherServlet        : Initializing Servlet 'dispatcherServlet'
2026-05-21T09:52:38.346+07:00  INFO 47645 --- [boardgame-backend] [http-nio-8081-exec-1] o.s.web.servlet.DispatcherServlet        : Completed initialization in 1 ms
2026-05-21T09:52:47.945+07:00  INFO 47645 --- [boardgame-backend] [http-nio-8081-exec-2] c.b.config.WebSocketEventListener        : User connected: hoanghaianh1@gmail.com
2026-05-21T09:53:50.842+07:00  INFO 47645 --- [boardgame-backend] [pool-3-thread-1] c.b.c.games.UnoWebSocketController       : Turn timeout (30s) triggered for room JVM7D3, gameType UNO, player f3f4d989-11ff-4b3c-88c6-7c051e3d852e
2026-05-21T09:53:50.848+07:00  INFO 47645 --- [boardgame-backend] [pool-3-thread-1] c.b.c.games.UnoWebSocketController       : Timeout: auto-drawing Uno card for player f3f4d989-11ff-4b3c-88c6-7c051e3d852e in room JVM7D3
2026-05-21T09:54:26.884+07:00  INFO 47645 --- [boardgame-backend] [pool-3-thread-1] c.b.c.games.UnoWebSocketController       : Turn timeout (30s) triggered for room JVM7D3, gameType UNO, player f3f4d989-11ff-4b3c-88c6-7c051e3d852e
2026-05-21T09:54:26.886+07:00  INFO 47645 --- [boardgame-backend] [pool-3-thread-1] c.b.c.games.UnoWebSocketController       : Timeout: auto-drawing Uno card for player f3f4d989-11ff-4b3c-88c6-7c051e3d852e in room JVM7D3
2026-05-21T09:55:01.722+07:00  INFO 47645 --- [boardgame-backend] [pool-3-thread-1] c.b.c.games.UnoWebSocketController       : Turn timeout (30s) triggered for room JVM7D3, gameType UNO, player f3f4d989-11ff-4b3c-88c6-7c051e3d852e
2026-05-21T09:55:01.724+07:00  INFO 47645 --- [boardgame-backend] [pool-3-thread-1] c.b.c.games.UnoWebSocketController       : Timeout: auto-drawing Uno card for player f3f4d989-11ff-4b3c-88c6-7c051e3d852e in room JVM7D3
2026-05-21T09:55:37.762+07:00  INFO 47645 --- [boardgame-backend] [pool-3-thread-1] c.b.c.games.UnoWebSocketController       : Turn timeout (30s) triggered for room JVM7D3, gameType UNO, player f3f4d989-11ff-4b3c-88c6-7c051e3d852e
2026-05-21T09:55:37.767+07:00  INFO 47645 --- [boardgame-backend] [pool-3-thread-1] c.b.c.games.UnoWebSocketController       : Timeout: auto-drawing Uno card for player f3f4d989-11ff-4b3c-88c6-7c051e3d852e in room JVM7D3
2026-05-21T09:56:11.397+07:00  INFO 47645 --- [boardgame-backend] [pool-3-thread-1] c.b.c.games.UnoWebSocketController       : Turn timeout (30s) triggered for room JVM7D3, gameType UNO, player f3f4d989-11ff-4b3c-88c6-7c051e3d852e
2026-05-21T09:56:11.401+07:00  INFO 47645 --- [boardgame-backend] [pool-3-thread-1] c.b.c.games.UnoWebSocketController       : Timeout: auto-drawing Uno card for player f3f4d989-11ff-4b3c-88c6-7c051e3d852e in room JVM7D3
2026-05-21T09:56:46.229+07:00  INFO 47645 --- [boardgame-backend] [pool-3-thread-1] c.b.c.games.UnoWebSocketController       : Turn timeout (30s) triggered for room JVM7D3, gameType UNO, player f3f4d989-11ff-4b3c-88c6-7c051e3d852e
2026-05-21T09:56:46.239+07:00  INFO 47645 --- [boardgame-backend] [pool-3-thread-1] c.b.c.games.UnoWebSocketController       : Timeout: auto-drawing Uno card for player f3f4d989-11ff-4b3c-88c6-7c051e3d852e in room JVM7D3
2026-05-21T09:57:21.075+07:00  INFO 47645 --- [boardgame-backend] [pool-3-thread-1] c.b.c.games.UnoWebSocketController       : Turn timeout (30s) triggered for room JVM7D3, gameType UNO, player f3f4d989-11ff-4b3c-88c6-7c051e3d852e
2026-05-21T09:57:21.081+07:00  INFO 47645 --- [boardgame-backend] [pool-3-thread-1] c.b.c.games.UnoWebSocketController       : Timeout: auto-drawing Uno card for player f3f4d989-11ff-4b3c-88c6-7c051e3d852e in room JVM7D3
2026-05-21T09:57:22.096+07:00  INFO 47645 --- [boardgame-backend] [http-nio-8081-exec-2] c.b.config.WebSocketEventListener        : User disconnected: hoanghaianh1@gmail.com
2026-05-21T09:57:22.288+07:00  INFO 47645 --- [boardgame-backend] [http-nio-8081-exec-7] c.b.config.WebSocketEventListener        : User connected: hoanghaianh1@gmail.com
2026-05-21T09:57:23.846+07:00  INFO 47645 --- [boardgame-backend] [http-nio-8081-exec-5] c.b.config.WebSocketEventListener        : User disconnected: hoanghaianh1@gmail.com
2026-05-21T09:57:24.004+07:00  INFO 47645 --- [boardgame-backend] [http-nio-8081-exec-10] c.b.config.WebSocketEventListener        : User connected: hoanghaianh1@gmail.com
2026-05-21T09:57:54.709+07:00  INFO 47645 --- [boardgame-backend] [pool-3-thread-1] c.b.c.games.UnoWebSocketController       : Turn timeout (30s) triggered for room JVM7D3, gameType UNO, player f3f4d989-11ff-4b3c-88c6-7c051e3d852e
2026-05-21T09:57:54.712+07:00  INFO 47645 --- [boardgame-backend] [pool-3-thread-1] c.b.c.games.UnoWebSocketController       : Timeout: auto-drawing Uno card for player f3f4d989-11ff-4b3c-88c6-7c051e3d852e in room JVM7D3
2026-05-21T09:58:29.543+07:00  INFO 47645 --- [boardgame-backend] [pool-3-thread-1] c.b.c.games.UnoWebSocketController       : Turn timeout (30s) triggered for room JVM7D3, gameType UNO, player f3f4d989-11ff-4b3c-88c6-7c051e3d852e
2026-05-21T09:58:29.551+07:00  INFO 47645 --- [boardgame-backend] [pool-3-thread-1] c.b.c.games.UnoWebSocketController       : Timeout: auto-drawing Uno card for player f3f4d989-11ff-4b3c-88c6-7c051e3d852e in room JVM7D3
2026-05-21T10:01:50.872+07:00  INFO 47645 --- [boardgame-backend] [http-nio-8081-exec-2] c.b.config.WebSocketEventListener        : User disconnected: hoanghaianh1@gmail.com
2026-05-21T10:01:51.091+07:00  INFO 47645 --- [boardgame-backend] [http-nio-8081-exec-1] c.b.config.WebSocketEventListener        : User connected: hoanghaianh1@gmail.com
2026-05-21T10:02:28.600+07:00  INFO 47645 --- [boardgame-backend] [http-nio-8081-exec-10] c.b.config.WebSocketEventListener        : User disconnected: hoanghaianh1@gmail.com
2026-05-21T10:02:28.787+07:00  INFO 47645 --- [boardgame-backend] [http-nio-8081-exec-6] c.b.config.WebSocketEventListener        : User connected: hoanghaianh1@gmail.com
2026-05-21T10:03:33.214+07:00  INFO 47645 --- [boardgame-backend] [pool-3-thread-1] c.b.c.games.UnoWebSocketController       : Turn timeout (30s) triggered for room FZCNNU, gameType UNO, player f3f4d989-11ff-4b3c-88c6-7c051e3d852e
2026-05-21T10:03:33.216+07:00  INFO 47645 --- [boardgame-backend] [pool-3-thread-1] c.b.c.games.UnoWebSocketController       : Timeout: auto-drawing Uno card for player f3f4d989-11ff-4b3c-88c6-7c051e3d852e in room FZCNNU
